// Jest Snapshot v1, https://goo.gl/fbAQLP

exports[`should match with snapshot 1`] = `
<View
  style={
    Object {
      "flex": 1,
    }
  }
>
  <RCTScrollView
    data={Array []}
    getItem={[Function]}
    getItemCount={[Function]}
    keyExtractor={[Function]}
    onContentSizeChange={[Function]}
    onLayout={[Function]}
    onMomentumScrollBegin={[Function]}
    onMomentumScrollEnd={[Function]}
    onScroll={[Function]}
    onScrollBeginDrag={[Function]}
    onScrollEndDrag={[Function]}
    removeClippedSubviews={false}
    renderItem={[Function]}
    scrollEventThrottle={50}
    stickyHeaderIndices={Array []}
    testID="list"
    viewabilityConfigCallbackPairs={Array []}
  >
    <View />
  </RCTScrollView>
  <TextInput
    onChangeText={[Function]}
    placeholder="Add..."
    style={
      Object {
        "backgroundColor": "#e0e0e0",
        "borderRadius": 10,
        "margin": 10,
        "padding": 10,
      }
    }
    testID="input"
  />
  <View
    accessible={true}
    collapsable={false}
    focusable={true}
    onClick={[Function]}
    onResponderGrant={[Function]}
    onResponderMove={[Function]}
    onResponderRelease={[Function]}
    onResponderTerminate={[Function]}
    onResponderTerminationRequest={[Function]}
    onStartShouldSetResponder={[Function]}
    style={
      Object {
        "alignItems": "center",
        "backgroundColor": "dodgerblue",
        "borderRadius": 10,
        "justifyContent": "center",
        "margin": 10,
        "opacity": 1,
        "padding": 10,
      }
    }
    testID="button-touchable"
  >
    <Text
      style={
        Object {
          "color": "#fff",
          "fontWeight": "bold",
        }
      }
      testID="button-title"
    >
      Add
    </Text>
  </View>
</View>
`;
